  console.log
    [dotenv@17.2.4] injecting env (9) from .env -- tip: ≡ƒôí add observability to secrets: https://dotenvx.com/ops

      at _log (node_modules/dotenv/lib/main.js:142:11)

  console.time
    DB_Admin_AllUsers: 11 ms

      at timeEnd (controllers/adminController.js:147:17)

  console.time
    DB_Admin_AllCourses: 1 ms

      at timeEnd (controllers/adminController.js:248:21)

  console.time
    DB_Admin_LookupEmail: 18 ms

      at timeEnd (controllers/adminController.js:375:17)

  console.time
    DB_Admin_LookupEmail: 2 ms

      at timeEnd (controllers/adminController.js:364:21)

node : FAIL tests/api/admin.test.js
At line:1 char:1
+ node node_modules\jest\bin\jest.js tests/api/admin.test.js --setupFil ...
+ ~~~~~~~~~~~~~~~~~~~~~~~~~~~~~~~~~~~~~~~~~~~~~~~~~~~~~~~~~~~~~~~~~~~~~
    + CategoryInfo          : NotSpecified: (FAIL tests/api/admin.test.js:String) [], RemoteException
    + FullyQualifiedErrorId : NativeCommandError
 
  Admin Dashboard API (Comprehensive)
    ΓêÜ { method: 'get', url: '/users' } %s should be blocked for Students (6 ms)
    ΓêÜ { method: 'get', url: '/enrollments' } %s should be blocked for Students (6 ms)
    ΓêÜ { method: 'get', url: '/courses' } %s should be blocked for Students (5 ms)
    ΓêÜ { method: 'get', url: '/reviewers' } %s should be blocked for Students (6 ms)
    ΓêÜ { method: 'post', url: '/reviewers' } %s should be blocked for Students (6 ms)
    ΓêÜ { method: 'put', url: '/users/student/60c728362d294d1f88c88888' } %s should be blocked for Students (5 ms)
    ΓêÜ { method: 'delete', url: '/users/student/60c728362d294d1f88c88888' } %s should be blocked for Students (5 ms)
    ΓêÜ { method: 'put', url: '/courses/60c728362d294d1f88c88888' } %s should be blocked for Students (5 ms)
    ΓêÜ { method: 'delete', url: '/courses/60c728362d294d1f88c88888' } %s should be blocked for Students (5 ms)
    ΓêÜ { method: 'get', url: '/users' } %s should be blocked for Teachers (6 ms)
    ΓêÜ { method: 'get', url: '/enrollments' } %s should be blocked for Teachers (5 ms)
    ΓêÜ { method: 'get', url: '/courses' } %s should be blocked for Teachers (17 ms)
    ΓêÜ { method: 'get', url: '/reviewers' } %s should be blocked for Teachers (6 ms)
    ΓêÜ { method: 'post', url: '/reviewers' } %s should be blocked for Teachers (5 ms)
    ΓêÜ { method: 'put', url: '/users/student/60c728362d294d1f88c88888' } %s should be blocked for Teachers (5 ms)
    ΓêÜ { method: 'delete', url: '/users/student/60c728362d294d1f88c88888' } %s should be blocked for Teachers (6 ms)
    ΓêÜ { method: 'put', url: '/courses/60c728362d294d1f88c88888' } %s should be blocked for Teachers (5 ms)
    ΓêÜ { method: 'delete', url: '/courses/60c728362d294d1f88c88888' } %s should be blocked for Teachers (6 ms)
    ΓêÜ { method: 'get', url: '/users' } %s should be blocked for Reviewers (5 ms)
    ΓêÜ { method: 'get', url: '/enrollments' } %s should be blocked for Reviewers (6 ms)
    ΓêÜ { method: 'get', url: '/courses' } %s should be blocked for Reviewers (5 ms)
    ΓêÜ { method: 'get', url: '/reviewers' } %s should be blocked for Reviewers (5 ms)
    ΓêÜ { method: 'post', url: '/reviewers' } %s should be blocked for Reviewers (6 ms)
    ΓêÜ { method: 'put', url: '/users/student/60c728362d294d1f88c88888' } %s should be blocked for Reviewers (7 ms)
    ΓêÜ { method: 'delete', url: '/users/student/60c728362d294d1f88c88888' } %s should be blocked for Reviewers (5 ms)
    ΓêÜ { method: 'put', url: '/courses/60c728362d294d1f88c88888' } %s should be blocked for Reviewers (4 ms)
    ΓêÜ { method: 'delete', url: '/courses/60c728362d294d1f88c88888' } %s should be blocked for Reviewers (5 ms)
    User Management
      ΓêÜ GET /api/admin/users - Admin can fetch all students and teachers (71 ms)
      ΓêÜ RBAC: Student cannot fetch all users (11 ms)
      ΓêÜ POST /api/admin/reviewers - Successfully create reviewer (92 ms)
      ΓêÜ PUT /api/admin/users/student/:id - Update student details (12 ms)
      ΓêÜ PUT /api/admin/users/student/:id - Fail on duplicate email (13 ms)
      ΓêÜ PUT /api/admin/users/student/:id - 404 on non-existent student (9 ms)
      ΓêÜ DELETE /api/admin/users/teacher/:id - Deleting teacher should delete their courses (15 ms)
    Course & Enrollment Analytics
      ├ù GET /api/admin/courses - Returns complex analytics (14 ms)
      ΓêÜ GET /api/admin/enrollments/student/:email - Student lookup (30 ms)
      ΓêÜ GET /api/admin/enrollments/student/:email - 404 on missing student (9 ms)
      ΓêÜ GET /api/admin/teachers/courses/:email - Teacher lookup (13 ms)

  ΓùÅ Admin Dashboard API (Comprehensive) ΓÇ║ Course & Enrollment Analytics ΓÇ║ GET /api/admin/courses - Returns 
complex analytics

    expect(received).toBe(expected) // Object.is equality

    Expected: 1
    Received: 5

    [0m [90m 142 |[39m       [36mconst[39m res [33m=[39m [36mawait[39m 
request(app)[33m.[39m[36mget[39m([32m"/api/admin/courses"[39m)[33m;[39m
     [90m 143 |[39m       expect(res[33m.[39mstatus)[33m.[39mtoBe([35m200[39m)[33m;[39m
    [31m[1m>[22m[39m[90m 144 |[39m       
expect(res[33m.[39mbody[[35m0[39m][33m.[39mtotalStudentsRegistered)[33m.[39mtoBe([35m1[39m)[33m;[39m
     [90m     |[39m                                                   [31m[1m^[22m[39m
     [90m 145 |[39m       
expect(res[33m.[39mbody[[35m0[39m][33m.[39mstudentsCompleted)[33m.[39mtoBe([35m1[39m)[33m;[39m
     [90m 146 |[39m       
expect(res[33m.[39mbody[[35m0[39m][33m.[39minstructorName)[33m.[39mtoBe([32m"T1"[39m)[33m;[39m
     [90m 147 |[39m     })[33m;[39m[0m

      at Object.toBe (tests/api/admin.test.js:144:51)

---------------------|---------|----------|---------|---------|----------------------------------------------------------------------------------------------------------------------------------------------------
File                 | % Stmts | % Branch | % Funcs | % Lines | Uncovered Line #s                                                                                                                                  
---------------------|---------|----------|---------|---------|----------------------------------------------------------------------------------------------------------------------------------------------------
All files            |   52.36 |     34.3 |   42.85 |   54.74 |                                                                                                                                                    
 controllers         |   47.41 |    38.15 |   45.45 |   48.74 |                                                                                                                                                    
  adminController.js |   47.41 |    38.15 |   45.45 |   48.74 | 20,25-55,61-93,102,112-113,153-154,163,167,174,180-184,199-200,205,225,231-237,251-343,349-353,384,392-393,431-432,438-448,454-462,468-477,483-494 
 middleware          |      30 |    11.76 |   16.66 |   33.33 |                                                                                                                                                    
  authMiddleware.js  |      30 |    11.76 |   16.66 |   33.33 | 6-9,13-39,44-47,61-64                                                                                                                              
 models              |     100 |      100 |     100 |     100 |                                                                                                                                                    
  Course.js          |     100 |      100 |     100 |     100 |                                                                                                                                                    
  Enrollment.js      |     100 |      100 |     100 |     100 |                                                                                                                                                    
  Reviewer.js        |     100 |      100 |     100 |     100 |                                                                                                                                                    
  Student.js         |     100 |      100 |     100 |     100 |                                                                                                                                                    
  Teacher.js         |     100 |      100 |     100 |     100 |                                                                                                                                                    
 routes              |     100 |      100 |     100 |     100 |                                                                                                                                                    
  adminRoutes.js     |     100 |      100 |     100 |     100 |                                                                                                                                                    
 services            |      50 |    51.85 |      50 |   55.26 |                                                                                                                                                    
  cacheService.js    |      50 |    51.85 |      50 |   55.26 | 18-22,28-33,45-46,55,64-77                                                                                                                         
---------------------|---------|----------|---------|---------|----------------------------------------------------------------------------------------------------------------------------------------------------
Test Suites: 1 failed, 1 total
Tests:       1 failed, 37 passed, 38 total
Snapshots:   0 total
Time:        2.301 s
Ran all test suites matching tests/api/admin.test.js.
Jest did not exit one second after the test run has completed.

'This usually means that there are asynchronous operations that weren't stopped in your tests. Consider running Jest 
with `--detectOpenHandles` to troubleshoot this issue.
